// Jest Snapshot v1, https://goo.gl/fbAQLP

exports[`Archive renders correctly 1`] = `
<div
  className="sc-hKwCoD ehwbab"
/>
`;
