// Jest Snapshot v1, https://goo.gl/fbAQLP

exports[`Button renders correctly 1`] = `
<a
  className="sc-bdvvaa sc-gsDJrp bhLkGr gycrnD"
  href="https://twitter.com/fknussel"
  rel="noopener noreferrer"
  target="_blank"
>
  Twitter
</a>
`;
