// Jest Snapshot v1, https://goo.gl/fbAQLP

exports[`Home renders correctly 1`] = `
Array [
  <button
    className="sc-ieebsP iFQabi"
    onClick={[Function]}
    type="button"
  >
    Skip to main content
  </button>,
  <div
    className="sc-fotPbf fETlyZ"
  >
    <header
      className="sc-fFehDp dNyUqG"
    >
      <div
        className="sc-jRQAMF jXwQMc"
      >
        <img
          alt=""
          className="sc-furvIG glFGhe"
          src="https://github.com/fed.png"
        />
        <h1
          className="sc-gKckTs dcpsJO"
        >
          Federico Kn√ºssel
        </h1>
        <p
          className="sc-iCfLBT iujKDL"
        >
          I'm a software engineer with a keen interest in web development, and I help teams ship clean and maintainable code.
           Feel free to hit me up on 
          <a
            className="sc-pVTma OsAqn"
            href="obfuscated"
            onClick={[Function]}
            onContextMenu={[Function]}
            onFocus={[Function]}
            onMouseOver={[Function]}
            style={
              Object {
                "direction": "rtl",
                "unicodeBidi": "bidi-override",
              }
            }
          >
            moc.liamg@lessunkf
          </a>
          .
        </p>
      </div>
      <nav
        aria-label="Social media links"
        className="sc-ksdxAp dIQDEe"
      >
        <a
          className="sc-jrQzUz sc-kDThTU joXqZV hPRemR sc-hBURRC gsevGF"
          href="https://twitter.com/fknussel"
          rel="noopener noreferrer"
          target="_blank"
        >
          Twitter
        </a>
        <a
          className="sc-jrQzUz sc-iqsfdx joXqZV gTwbGu sc-hBURRC gsevGF"
          href="https://github.com/fed"
          rel="noopener noreferrer"
          target="_blank"
        >
          GitHub
        </a>
        <a
          className="sc-jrQzUz sc-crHlIS joXqZV hupHmo sc-hBURRC gsevGF"
          href="https://medium.com/@fknussel"
          rel="noopener noreferrer"
          target="_blank"
        >
          Medium
        </a>
        <a
          className="sc-jrQzUz sc-egiSv joXqZV cPeTIl sc-hBURRC gsevGF"
          href="https://codepen.io/fede"
          rel="noopener noreferrer"
          target="_blank"
        >
          CodePen
        </a>
        <a
          className="sc-jrQzUz sc-bqiQRQ joXqZV cWrlVm sc-hBURRC gsevGF"
          href="https://linkedin.com/in/fknussel"
          rel="noopener noreferrer"
          target="_blank"
        >
          LinkedIn
        </a>
      </nav>
    </header>
    <main
      aria-label="Blog posts"
      className="sc-bkkfTU kpoTKc"
    >
      <p>
        Content
      </p>
    </main>
  </div>,
  <footer
    aria-label="Social media links"
    className="sc-bdvvaa dpGNEF"
  >
    <ul
      className="sc-gsDJrp YdNwt"
    >
      <li
        className="sc-dkPtyc gAblvE"
      >
        <a
          className="sc-hKwCoD iKfAMc"
          href="https://twitter.com/fknussel"
          rel="noopener noreferrer"
          target="_blank"
        >
          <img
            alt="Twitter"
            className="sc-eCImvq kiUxIk"
            src="test-file-stub"
          />
        </a>
      </li>
      <li
        className="sc-dkPtyc gAblvE"
      >
        <a
          className="sc-hKwCoD iKfAMc"
          href="https://github.com/fed"
          rel="noopener noreferrer"
          target="_blank"
        >
          <img
            alt="GitHub"
            className="sc-eCImvq kiUxIk"
            src="test-file-stub"
          />
        </a>
      </li>
      <li
        className="sc-dkPtyc gAblvE"
      >
        <a
          className="sc-hKwCoD iKfAMc"
          href="https://medium.com/@fknussel"
          rel="noopener noreferrer"
          target="_blank"
        >
          <img
            alt="Medium"
            className="sc-eCImvq kiUxIk"
            src="test-file-stub"
          />
        </a>
      </li>
      <li
        className="sc-dkPtyc gAblvE"
      >
        <a
          className="sc-hKwCoD iKfAMc"
          href="https://codepen.io/fede"
          rel="noopener noreferrer"
          target="_blank"
        >
          <img
            alt="CodePen"
            className="sc-eCImvq kiUxIk"
            src="test-file-stub"
          />
        </a>
      </li>
      <li
        className="sc-dkPtyc gAblvE"
      >
        <a
          className="sc-hKwCoD iKfAMc"
          href="https://linkedin.com/in/fknussel"
          rel="noopener noreferrer"
          target="_blank"
        >
          <img
            alt="LinkedIn"
            className="sc-eCImvq kiUxIk"
            src="test-file-stub"
          />
        </a>
      </li>
    </ul>
  </footer>,
]
`;
