// Jest Snapshot v1, https://goo.gl/fbAQLP

exports[`Layout renders correctly 1`] = `
<div
  className="sc-jRQAMF bdkhMD"
>
  <header
    className="sc-gKckTs irjzaE"
  >
    <div
      className="sc-iCfLBT cbDABw"
    >
      <a
        className="sc-furvIG hmdYJ"
        href="/"
      >
        <img
          alt=""
          className="sc-pVTma eElFtR"
          src="https://github.com/fed.png"
        />
        F. Kn√ºssel
      </a>
    </div>
  </header>
  <main
    className="sc-jrQzUz jNTnWh"
  >
    <p>
      Content
    </p>
  </main>
  <footer
    aria-label="Social media links"
    className="sc-bdvvaa dpGNEF"
  >
    <ul
      className="sc-gsDJrp YdNwt"
    >
      <li
        className="sc-dkPtyc gAblvE"
      >
        <a
          className="sc-hKwCoD iKfAMc"
          href="https://twitter.com/fknussel"
          rel="noopener noreferrer"
          target="_blank"
        >
          <img
            alt="Twitter"
            className="sc-eCImvq kiUxIk"
            src="test-file-stub"
          />
        </a>
      </li>
      <li
        className="sc-dkPtyc gAblvE"
      >
        <a
          className="sc-hKwCoD iKfAMc"
          href="https://github.com/fed"
          rel="noopener noreferrer"
          target="_blank"
        >
          <img
            alt="GitHub"
            className="sc-eCImvq kiUxIk"
            src="test-file-stub"
          />
        </a>
      </li>
      <li
        className="sc-dkPtyc gAblvE"
      >
        <a
          className="sc-hKwCoD iKfAMc"
          href="https://medium.com/@fknussel"
          rel="noopener noreferrer"
          target="_blank"
        >
          <img
            alt="Medium"
            className="sc-eCImvq kiUxIk"
            src="test-file-stub"
          />
        </a>
      </li>
      <li
        className="sc-dkPtyc gAblvE"
      >
        <a
          className="sc-hKwCoD iKfAMc"
          href="https://codepen.io/fede"
          rel="noopener noreferrer"
          target="_blank"
        >
          <img
            alt="CodePen"
            className="sc-eCImvq kiUxIk"
            src="test-file-stub"
          />
        </a>
      </li>
      <li
        className="sc-dkPtyc gAblvE"
      >
        <a
          className="sc-hKwCoD iKfAMc"
          href="https://linkedin.com/in/fknussel"
          rel="noopener noreferrer"
          target="_blank"
        >
          <img
            alt="LinkedIn"
            className="sc-eCImvq kiUxIk"
            src="test-file-stub"
          />
        </a>
      </li>
    </ul>
  </footer>
</div>
`;
