// Jest Snapshot v1, https://goo.gl/fbAQLP

exports[`Link renders correctly 1`] = `
<a
  className="sc-bdvvaa fZWYIT"
  href="/about"
  rel="bookmark"
>
  About me
</a>
`;
